error: error reading Clippy's configuration file `$DIR/clippy.toml`: unknown field `foobar`, expected one of `blacklisted-names`, `cyclomatic-complexity-threshold`, `doc-valid-idents`, `too-many-arguments-threshold`, `type-complexity-threshold`, `single-char-binding-names-threshold`, `too-large-for-stack`, `enum-variant-name-threshold`, `enum-variant-size-threshold`, `verbose-bit-mask-threshold`, `literal-representation-threshold`, `trivial-copy-size-limit`, `third-party`

error: aborting due to previous error

