error: sub-expression diverges
  --> $DIR/diverging_sub_expression.rs:21:10
   |
LL |     b || diverge();
   |          ^^^^^^^^^
   |
   = note: `-D clippy::diverging-sub-expression` implied by `-D warnings`

error: sub-expression diverges
  --> $DIR/diverging_sub_expression.rs:22:10
   |
LL |     b || A.foo();
   |          ^^^^^^^

error: sub-expression diverges
  --> $DIR/diverging_sub_expression.rs:31:26
   |
LL |             6 => true || return,
   |                          ^^^^^^

error: sub-expression diverges
  --> $DIR/diverging_sub_expression.rs:32:26
   |
LL |             7 => true || continue,
   |                          ^^^^^^^^

error: sub-expression diverges
  --> $DIR/diverging_sub_expression.rs:35:26
   |
LL |             3 => true || diverge(),
   |                          ^^^^^^^^^

error: sub-expression diverges
  --> $DIR/diverging_sub_expression.rs:40:26
   |
LL |             _ => true || break,
   |                          ^^^^^

error: aborting due to 6 previous errors

