error: Consider removing unnecessary double parentheses
  --> $DIR/double_parens.rs:12:5
   |
LL |     ((0))
   |     ^^^^^
   |
   = note: `-D clippy::double-parens` implied by `-D warnings`

error: Consider removing unnecessary double parentheses
  --> $DIR/double_parens.rs:16:14
   |
LL |     dummy_fn((0));
   |              ^^^

error: Consider removing unnecessary double parentheses
  --> $DIR/double_parens.rs:20:20
   |
LL |     x.dummy_method((0));
   |                    ^^^

error: Consider removing unnecessary double parentheses
  --> $DIR/double_parens.rs:24:5
   |
LL |     ((1, 2))
   |     ^^^^^^^^

error: Consider removing unnecessary double parentheses
  --> $DIR/double_parens.rs:28:5
   |
LL |     (())
   |     ^^^^

error: Consider removing unnecessary double parentheses
  --> $DIR/double_parens.rs:50:16
   |
LL |     assert_eq!(((1, 2)), (1, 2), "Error");
   |                ^^^^^^^^

error: aborting due to 6 previous errors

