error: Found an empty line after an outer attribute. Perhaps you forgot to add a '!' to make it an inner attribute?
  --> $DIR/empty_line_after_outer_attribute.rs:4:1
   |
LL | / #[crate_type = "lib"]
LL | |
LL | | /// some comment
LL | | fn with_one_newline_and_comment() { assert!(true) }
   | |_
   |
   = note: `-D clippy::empty-line-after-outer-attr` implied by `-D warnings`

error: Found an empty line after an outer attribute. Perhaps you forgot to add a '!' to make it an inner attribute?
  --> $DIR/empty_line_after_outer_attribute.rs:16:1
   |
LL | / #[crate_type = "lib"]
LL | |
LL | | fn with_one_newline() { assert!(true) }
   | |_

error: Found an empty line after an outer attribute. Perhaps you forgot to add a '!' to make it an inner attribute?
  --> $DIR/empty_line_after_outer_attribute.rs:21:1
   |
LL | / #[crate_type = "lib"]
LL | |
LL | |
LL | | fn with_two_newlines() { assert!(true) }
   | |_

error: Found an empty line after an outer attribute. Perhaps you forgot to add a '!' to make it an inner attribute?
  --> $DIR/empty_line_after_outer_attribute.rs:28:1
   |
LL | / #[crate_type = "lib"]
LL | |
LL | | enum Baz {
   | |_

error: Found an empty line after an outer attribute. Perhaps you forgot to add a '!' to make it an inner attribute?
  --> $DIR/empty_line_after_outer_attribute.rs:36:1
   |
LL | / #[crate_type = "lib"]
LL | |
LL | | struct Foo {
   | |_

error: Found an empty line after an outer attribute. Perhaps you forgot to add a '!' to make it an inner attribute?
  --> $DIR/empty_line_after_outer_attribute.rs:44:1
   |
LL | / #[crate_type = "lib"]
LL | |
LL | | mod foo {
   | |_

error: aborting due to 6 previous errors

