error: this looks like an `else {..}` but the `else` is missing
  --> $DIR/formatting.rs:12:6
   |
LL |     } {
   |      ^
   |
   = note: `-D clippy::suspicious-else-formatting` implied by `-D warnings`
   = note: to remove this lint, add the missing `else` or add a new line before the next block

error: this looks like an `else if` but the `else` is missing
  --> $DIR/formatting.rs:16:6
   |
LL |     } if foo() {
   |      ^
   |
   = note: to remove this lint, add the missing `else` or add a new line before the second `if`

error: this looks like an `else if` but the `else` is missing
  --> $DIR/formatting.rs:23:10
   |
LL |         } if foo() {
   |          ^
   |
   = note: to remove this lint, add the missing `else` or add a new line before the second `if`

error: this looks like an `else if` but the `else` is missing
  --> $DIR/formatting.rs:31:10
   |
LL |         } if foo() {
   |          ^
   |
   = note: to remove this lint, add the missing `else` or add a new line before the second `if`

error: this is an `else {..}` but the formatting might hide it
  --> $DIR/formatting.rs:40:6
   |
LL |       } else
   |  ______^
LL | |     {
   | |____^
   |
   = note: to remove this lint, remove the `else` or remove the new line between `else` and `{..}`

error: this is an `else {..}` but the formatting might hide it
  --> $DIR/formatting.rs:45:6
   |
LL |       }
   |  ______^
LL | |     else
LL | |     {
   | |____^
   |
   = note: to remove this lint, remove the `else` or remove the new line between `else` and `{..}`

error: this is an `else if` but the formatting might hide it
  --> $DIR/formatting.rs:51:6
   |
LL |       } else
   |  ______^
LL | |     if foo() { // the span of the above error should continue here
   | |____^
   |
   = note: to remove this lint, remove the `else` or remove the new line between `else` and `if`

error: this is an `else if` but the formatting might hide it
  --> $DIR/formatting.rs:56:6
   |
LL |       }
   |  ______^
LL | |     else
LL | |     if foo() { // the span of the above error should continue here
   | |____^
   |
   = note: to remove this lint, remove the `else` or remove the new line between `else` and `if`

error: this looks like you are trying to use `.. -= ..`, but you really are doing `.. = (- ..)`
  --> $DIR/formatting.rs:97:6
   |
LL |     a =- 35;
   |      ^^^^
   |
   = note: `-D clippy::suspicious-assignment-formatting` implied by `-D warnings`
   = note: to remove this lint, use either `-=` or `= -`

error: this looks like you are trying to use `.. *= ..`, but you really are doing `.. = (* ..)`
  --> $DIR/formatting.rs:98:6
   |
LL |     a =* &191;
   |      ^^^^
   |
   = note: to remove this lint, use either `*=` or `= *`

error: this looks like you are trying to use `.. != ..`, but you really are doing `.. = (! ..)`
  --> $DIR/formatting.rs:101:6
   |
LL |     b =! false;
   |      ^^^^
   |
   = note: to remove this lint, use either `!=` or `= !`

error: possibly missing a comma here
  --> $DIR/formatting.rs:110:19
   |
LL |         -1, -2, -3 // <= no comma here
   |                   ^
   |
   = note: `-D clippy::possible-missing-comma` implied by `-D warnings`
   = note: to remove this lint, add a comma or write the expr in a single line

error: possibly missing a comma here
  --> $DIR/formatting.rs:114:19
   |
LL |         -1, -2, -3 // <= no comma here
   |                   ^
   |
   = note: to remove this lint, add a comma or write the expr in a single line

error: aborting due to 13 previous errors

