error: missing return statement
  --> $DIR/implicit_return.rs:8:5
   |
LL |     true
   |     ^^^^ help: add `return` as shown: `return true`
   |
   = note: `-D clippy::implicit-return` implied by `-D warnings`

error: missing return statement
  --> $DIR/implicit_return.rs:14:9
   |
LL |         true
   |         ^^^^ help: add `return` as shown: `return true`

error: missing return statement
  --> $DIR/implicit_return.rs:16:9
   |
LL |         false
   |         ^^^^^ help: add `return` as shown: `return false`

error: missing return statement
  --> $DIR/implicit_return.rs:24:17
   |
LL |         true => false,
   |                 ^^^^^ help: add `return` as shown: `return false`

error: missing return statement
  --> $DIR/implicit_return.rs:25:20
   |
LL |         false => { true },
   |                    ^^^^ help: add `return` as shown: `return true`

error: missing return statement
  --> $DIR/implicit_return.rs:32:9
   |
LL |         break true;
   |         ^^^^^^^^^^ help: change `break` to `return` as shown: `return true`

error: missing return statement
  --> $DIR/implicit_return.rs:40:13
   |
LL |             break true;
   |             ^^^^^^^^^^ help: change `break` to `return` as shown: `return true`

error: missing return statement
  --> $DIR/implicit_return.rs:49:13
   |
LL |             break true;
   |             ^^^^^^^^^^ help: change `break` to `return` as shown: `return true`

error: missing return statement
  --> $DIR/implicit_return.rs:58:18
   |
LL |     let _ = || { true };
   |                  ^^^^ help: add `return` as shown: `return true`

error: missing return statement
  --> $DIR/implicit_return.rs:59:16
   |
LL |     let _ = || true;
   |                ^^^^ help: add `return` as shown: `return true`

error: aborting due to 10 previous errors

