error: expected token: `,`
  --> $DIR/issue-3145.rs:2:19
   |
LL |     println!("{}" a); //~ERROR expected token: `,`
   |                   ^

error: aborting due to previous error

