error: any number modulo 1 will be 0
  --> $DIR/modulo_one.rs:5:5
   |
LL |     10 % 1;
   |     ^^^^^^
   |
   = note: `-D clippy::modulo-one` implied by `-D warnings`

error: aborting due to previous error

