error: unneeded return statement
  --> $DIR/needless_return.rs:8:5
   |
LL |     return true;
   |     ^^^^^^^^^^^^ help: remove `return` as shown: `true`
   |
   = note: `-D clippy::needless-return` implied by `-D warnings`

error: unneeded return statement
  --> $DIR/needless_return.rs:12:5
   |
LL |     return true;
   |     ^^^^^^^^^^^^ help: remove `return` as shown: `true`

error: unneeded return statement
  --> $DIR/needless_return.rs:17:9
   |
LL |         return true;
   |         ^^^^^^^^^^^^ help: remove `return` as shown: `true`

error: unneeded return statement
  --> $DIR/needless_return.rs:19:9
   |
LL |         return false;
   |         ^^^^^^^^^^^^^ help: remove `return` as shown: `false`

error: unneeded return statement
  --> $DIR/needless_return.rs:25:17
   |
LL |         true => return false,
   |                 ^^^^^^^^^^^^ help: remove `return` as shown: `false`

error: unneeded return statement
  --> $DIR/needless_return.rs:27:13
   |
LL |             return true;
   |             ^^^^^^^^^^^^ help: remove `return` as shown: `true`

error: unneeded return statement
  --> $DIR/needless_return.rs:34:9
   |
LL |         return true;
   |         ^^^^^^^^^^^^ help: remove `return` as shown: `true`

error: unneeded return statement
  --> $DIR/needless_return.rs:36:16
   |
LL |     let _ = || return true;
   |                ^^^^^^^^^^^ help: remove `return` as shown: `true`

error: aborting due to 8 previous errors

